tests/models/blip_2/test_modeling_blip_2.py::Blip2ModelTest::test_generate_compile_model_forward
tests/models/whisper/test_modeling_whisper.py::WhisperEncoderModelTest::test_generate_compile_model_forward
tests/models/musicgen/test_modeling_musicgen.py::MusicgenDecoderTest::test_generate_compile_model_forward
tests/models/pegasus_x/test_modeling_pegasus_x.py::PegasusXStandaloneDecoderModelTest::test_generate_compile_model_forward
tests/models/musicgen/test_modeling_musicgen.py::MusicgenTest::test_generate_compile_model_forward
tests/models/mllama/test_modeling_mllama.py::MllamaForCausalLMModelTest::test_generate_compile_model_forward
tests/models/decision_transformer/test_modeling_decision_transformer.py::DecisionTransformerModelTest::test_generate_compile_model_forward
tests/models/deformable_detr/test_modeling_deformable_detr.py::DeformableDetrModelTest::test_generate_compile_model_forward
tests/models/detr/test_modeling_detr.py::DetrModelTest::test_generate_compile_model_forward
tests/models/cohere2/test_modeling_cohere2.py::CohereModelTest::test_generate_compile_model_forward
tests/models/diffllama/test_modeling_diffllama.py::DiffLlamaModelTest::test_generate_compile_model_forward
tests/models/gemma2/test_modeling_gemma2.py::GemmaModelTest::test_generate_compile_model_forward
tests/models/helium/test_modeling_helium.py::GemmaModelTest::test_generate_compile_model_forward
tests/models/emu3/test_modeling_emu3.py::Emu3Text2TextModelTest::test_generate_compile_model_forward
tests/models/whisper/test_modeling_whisper.py::WhisperStandaloneDecoderModelTest::test_generate_compile_model_forward
tests/models/gemma/test_modeling_gemma.py::GemmaModelTest::test_generate_compile_model_forward
tests/models/nemotron/test_modeling_nemotron.py::GemmaModelTest::test_generate_compile_model_forward
tests/models/falcon/test_modeling_falcon.py::FalconModelTest::test_generate_compile_model_forward
tests/models/cohere2/test_modeling_cohere2.py::Cohere2ModelTest::test_generate_compile_model_forward
tests/models/lilt/test_modeling_lilt.py::LiltModelTest::test_generate_compile_model_forward
tests/models/helium/test_modeling_helium.py::HeliumModelTest::test_generate_compile_model_forward
tests/models/glm/test_modeling_glm.py::GlmModelTest::test_generate_compile_model_forward
tests/models/llama/test_modeling_llama.py::LlamaModelTest::test_generate_compile_model_forward
tests/models/mistral/test_modeling_mistral.py::MistralModelTest::test_generate_compile_model_forward
tests/models/modernbert/test_modeling_modernbert.py::ModernBertModelTest::test_generate_compile_model_forward
tests/models/bloom/test_modeling_bloom.py::BloomModelTest::test_generate_compile_model_forward
tests/models/gptj/test_modeling_gptj.py::GPTJModelTest::test_generate_compile_model_forward
tests/models/gemma2/test_modeling_gemma2.py::Gemma2ModelTest::test_generate_compile_model_forward
tests/models/musicgen_melody/test_modeling_musicgen_melody.py::MusicgenMelodyDecoderTest::test_generate_compile_model_forward
tests/models/musicgen_melody/test_modeling_musicgen_melody.py::MusicgenMelodyTest::test_generate_compile_model_forward
tests/models/nemotron/test_modeling_nemotron.py::NemotronModelTest::test_generate_compile_model_forward
tests/models/pop2piano/test_modeling_pop2piano.py::Pop2PianoModelTest::test_generate_compile_model_forward
tests/models/chameleon/test_modeling_chameleon.py::ChameleonModelTest::test_generate_compile_model_forward
tests/models/olmo2/test_modeling_olmo2.py::Olmo2ModelTest::test_generate_compile_model_forward
tests/models/granite/test_modeling_granite.py::GraniteModelTest::test_generate_compile_model_forward
tests/models/cohere/test_modeling_cohere.py::CohereModelTest::test_generate_compile_model_forward
tests/models/conditional_detr/test_modeling_conditional_detr.py::ConditionalDetrModelTest::test_generate_compile_model_forward
tests/models/recurrent_gemma/test_modeling_recurrent_gemma.py::RecurrentGemmaModelTest::test_generate_compile_model_forward
tests/models/gpt_neox/test_modeling_gpt_neox.py::GPTNeoXModelTest::test_generate_compile_model_forward
tests/models/moonshine/test_modeling_moonshine.py::MoonshineModelTest::test_generate_compile_model_forward
tests/models/phi/test_modeling_phi.py::PhiModelTest::test_generate_compile_model_forward
tests/models/codegen/test_modeling_codegen.py::CodeGenModelTest::test_generate_compile_model_forward
tests/models/mt5/test_modeling_mt5.py::MT5ModelTest::test_generate_compile_model_forward
tests/models/stablelm/test_modeling_stablelm.py::StableLmModelTest::test_generate_compile_model_forward
tests/models/persimmon/test_modeling_persimmon.py::PersimmonModelTest::test_generate_compile_model_forward
tests/models/phi3/test_modeling_phi3.py::Phi3ModelTest::test_generate_compile_model_forward
tests/models/qwen2/test_modeling_qwen2.py::Qwen2ModelTest::test_generate_compile_model_forward
tests/models/olmo/test_modeling_olmo.py::OlmoModelTest::test_generate_compile_model_forward
tests/models/umt5/test_modeling_umt5.py::UMT5ModelTest::test_generate_compile_model_forward
tests/models/starcoder2/test_modeling_starcoder2.py::Starcoder2ModelTest::test_generate_compile_model_forward
tests/models/t5/test_modeling_t5.py::T5ModelTest::test_generate_compile_model_forward
tests/models/table_transformer/test_modeling_table_transformer.py::TableTransformerModelTest::test_generate_compile_model_forward
-v
-n 8
--flake-finder
--flake-runs=500
--make-reports=tests_torch